17:09:16 **** Incremental Build of configuration Debug for project cyclingSpeedometer ****
make -j8 all 
arm-none-eabi-gcc "../Core/Src/main.c" -mcpu=cortex-m4 -std=gnu11 -g3 -DDEBUG -DUSE_HAL_DRIVER -DSTM32L476xx -c -I../Core/Inc -I"C:/Users/domin/OneDrive/Pulpit/STM32/cyclingSpeedometer/cyclingSpeedometer/hagl/include" -I../Drivers/STM32L4xx_HAL_Driver/Inc -I../Drivers/STM32L4xx_HAL_Driver/Inc/Legacy -I../Drivers/CMSIS/Device/ST/STM32L4xx/Include -I../Drivers/CMSIS/Include -O0 -ffunction-sections -fdata-sections -Wall -fstack-usage -fcyclomatic-complexity -MMD -MP -MF"Core/Src/main.d" -MT"Core/Src/main.o" --specs=nano.specs -mfpu=fpv4-sp-d16 -mfloat-abi=hard -mthumb -o "Core/Src/main.o"
arm-none-eabi-gcc -o "cyclingSpeedometer.elf" @"objects.list"   -mcpu=cortex-m4 -T"C:\Users\domin\OneDrive\Pulpit\STM32\cyclingSpeedometer\cyclingSpeedometer\STM32L476RGTX_FLASH.ld" --specs=nosys.specs -Wl,-Map="cyclingSpeedometer.map" -Wl,--gc-sections -static --specs=nano.specs -mfpu=fpv4-sp-d16 -mfloat-abi=hard -mthumb -u _printf_float -Wl,--start-group -lc -lm -Wl,--end-group
Finished building target: cyclingSpeedometer.elf
 
arm-none-eabi-size  cyclingSpeedometer.elf 
arm-none-eabi-objdump -h -S cyclingSpeedometer.elf  > "cyclingSpeedometer.list"
   text	   data	    bss	    dec	    hex	filename
  59076	    484	  50516	 110076	  1adfc	cyclingSpeedometer.elf
Finished building: default.size.stdout
 
Finished building: cyclingSpeedometer.list
 
17:09:19 **** Incremental Build of configuration Debug for project cyclingSpeedometer ****
make -j8 all 
arm-none-eabi-size  cyclingSpeedometer.elf 
   text	   data	    bss	    dec	    hex	filename
  59076	    484	  50516	 110076	  1adfc	cyclingSpeedometer.elf
Finished building: default.size.stdout
 
17:10:07 **** Incremental Build of configuration Debug for project cyclingSpeedometer ****
make -j8 all 
arm-none-eabi-gcc "../Core/Src/main.c" -mcpu=cortex-m4 -std=gnu11 -g3 -DDEBUG -DUSE_HAL_DRIVER -DSTM32L476xx -c -I../Core/Inc -I"C:/Users/domin/OneDrive/Pulpit/STM32/cyclingSpeedometer/cyclingSpeedometer/hagl/include" -I../Drivers/STM32L4xx_HAL_Driver/Inc -I../Drivers/STM32L4xx_HAL_Driver/Inc/Legacy -I../Drivers/CMSIS/Device/ST/STM32L4xx/Include -I../Drivers/CMSIS/Include -O0 -ffunction-sections -fdata-sections -Wall -fstack-usage -fcyclomatic-complexity -MMD -MP -MF"Core/Src/main.d" -MT"Core/Src/main.o" --specs=nano.specs -mfpu=fpv4-sp-d16 -mfloat-abi=hard -mthumb -o "Core/Src/main.o"
arm-none-eabi-gcc -o "cyclingSpeedometer.elf" @"objects.list"   -mcpu=cortex-m4 -T"C:\Users\domin\OneDrive\Pulpit\STM32\cyclingSpeedometer\cyclingSpeedometer\STM32L476RGTX_FLASH.ld" --specs=nosys.specs -Wl,-Map="cyclingSpeedometer.map" -Wl,--gc-sections -static --specs=nano.specs -mfpu=fpv4-sp-d16 -mfloat-abi=hard -mthumb -u _printf_float -Wl,--start-group -lc -lm -Wl,--end-group
Finished building target: cyclingSpeedometer.elf
 
arm-none-eabi-size  cyclingSpeedometer.elf 
arm-none-eabi-objdump -h -S cyclingSpeedometer.elf  > "cyclingSpeedometer.list"
   text	   data	    bss	    dec	    hex	filename
  59076	    484	  50516	 110076	  1adfc	cyclingSpeedometer.elf
Finished building: default.size.stdout
 
Finished building: cyclingSpeedometer.list
 
17:10:53 **** Incremental Build of configuration Debug for project cyclingSpeedometer ****
make -j8 all 
arm-none-eabi-gcc "../Core/Src/main.c" -mcpu=cortex-m4 -std=gnu11 -g3 -DDEBUG -DUSE_HAL_DRIVER -DSTM32L476xx -c -I../Core/Inc -I"C:/Users/domin/OneDrive/Pulpit/STM32/cyclingSpeedometer/cyclingSpeedometer/hagl/include" -I../Drivers/STM32L4xx_HAL_Driver/Inc -I../Drivers/STM32L4xx_HAL_Driver/Inc/Legacy -I../Drivers/CMSIS/Device/ST/STM32L4xx/Include -I../Drivers/CMSIS/Include -O0 -ffunction-sections -fdata-sections -Wall -fstack-usage -fcyclomatic-complexity -MMD -MP -MF"Core/Src/main.d" -MT"Core/Src/main.o" --specs=nano.specs -mfpu=fpv4-sp-d16 -mfloat-abi=hard -mthumb -o "Core/Src/main.o"
arm-none-eabi-gcc -o "cyclingSpeedometer.elf" @"objects.list"   -mcpu=cortex-m4 -T"C:\Users\domin\OneDrive\Pulpit\STM32\cyclingSpeedometer\cyclingSpeedometer\STM32L476RGTX_FLASH.ld" --specs=nosys.specs -Wl,-Map="cyclingSpeedometer.map" -Wl,--gc-sections -static --specs=nano.specs -mfpu=fpv4-sp-d16 -mfloat-abi=hard -mthumb -u _printf_float -Wl,--start-group -lc -lm -Wl,--end-group
Finished building target: cyclingSpeedometer.elf
 
arm-none-eabi-size  cyclingSpeedometer.elf 
arm-none-eabi-objdump -h -S cyclingSpeedometer.elf  > "cyclingSpeedometer.list"
   text	   data	    bss	    dec	    hex	filename
  59092	    484	  50516	 110092	  1ae0c	cyclingSpeedometer.elf
Finished building: default.size.stdout
 
Finished building: cyclingSpeedometer.list
 
17:11:20 **** Incremental Build of configuration Debug for project cyclingSpeedometer ****
make -j8 all 
arm-none-eabi-gcc "../Core/Src/main.c" -mcpu=cortex-m4 -std=gnu11 -g3 -DDEBUG -DUSE_HAL_DRIVER -DSTM32L476xx -c -I../Core/Inc -I"C:/Users/domin/OneDrive/Pulpit/STM32/cyclingSpeedometer/cyclingSpeedometer/hagl/include" -I../Drivers/STM32L4xx_HAL_Driver/Inc -I../Drivers/STM32L4xx_HAL_Driver/Inc/Legacy -I../Drivers/CMSIS/Device/ST/STM32L4xx/Include -I../Drivers/CMSIS/Include -O0 -ffunction-sections -fdata-sections -Wall -fstack-usage -fcyclomatic-complexity -MMD -MP -MF"Core/Src/main.d" -MT"Core/Src/main.o" --specs=nano.specs -mfpu=fpv4-sp-d16 -mfloat-abi=hard -mthumb -o "Core/Src/main.o"
arm-none-eabi-gcc -o "cyclingSpeedometer.elf" @"objects.list"   -mcpu=cortex-m4 -T"C:\Users\domin\OneDrive\Pulpit\STM32\cyclingSpeedometer\cyclingSpeedometer\STM32L476RGTX_FLASH.ld" --specs=nosys.specs -Wl,-Map="cyclingSpeedometer.map" -Wl,--gc-sections -static --specs=nano.specs -mfpu=fpv4-sp-d16 -mfloat-abi=hard -mthumb -u _printf_float -Wl,--start-group -lc -lm -Wl,--end-group
Finished building target: cyclingSpeedometer.elf
 
arm-none-eabi-size  cyclingSpeedometer.elf 
arm-none-eabi-objdump -h -S cyclingSpeedometer.elf  > "cyclingSpeedometer.list"
   text	   data	    bss	    dec	    hex	filename
  59100	    484	  50516	 110100	  1ae14	cyclingSpeedometer.elf
Finished building: default.size.stdout
 
Finished building: cyclingSpeedometer.list
 
