12:38:49 **** Incremental Build of configuration Debug for project cyclingSpeedometer ****
make -j8 all 
arm-none-eabi-size  cyclingSpeedometer.elf 
   text	   data	    bss	    dec	    hex	filename
  29488	    476	   2132	  32096	   7d60	cyclingSpeedometer.elf
Finished building: default.size.stdout
 
12:39:26 **** Incremental Build of configuration Debug for project cyclingSpeedometer ****
make -j8 all 
arm-none-eabi-size  cyclingSpeedometer.elf 
   text	   data	    bss	    dec	    hex	filename
  29488	    476	   2132	  32096	   7d60	cyclingSpeedometer.elf
Finished building: default.size.stdout
 
